Archive member included because of file (symbol)

c:/program files (x86)/atmel/atmel toolchain/avr8 gcc/native/3.4.1051/avr8-gnu-toolchain/bin/../lib/gcc/avr/4.8.1/avrxmega6\libgcc.a(_exit.o)
                              c:/program files (x86)/atmel/atmel toolchain/avr8 gcc/native/3.4.1051/avr8-gnu-toolchain/bin/../lib/gcc/avr/4.8.1/../../../../avr/lib/avrxmega6/crtx128a3u.o (exit)
c:/program files (x86)/atmel/atmel toolchain/avr8 gcc/native/3.4.1051/avr8-gnu-toolchain/bin/../lib/gcc/avr/4.8.1/avrxmega6\libgcc.a(_tablejump.o)
                              usb_xm.o (__tablejump2__)
c:/program files (x86)/atmel/atmel toolchain/avr8 gcc/native/3.4.1051/avr8-gnu-toolchain/bin/../lib/gcc/avr/4.8.1/avrxmega6\libgcc.a(_copy_data.o)
                              usb_cdc.o (__do_copy_data)
c:/program files (x86)/atmel/atmel toolchain/avr8 gcc/native/3.4.1051/avr8-gnu-toolchain/bin/../lib/gcc/avr/4.8.1/avrxmega6\libgcc.a(_clear_bss.o)
                              usb_cdc.o (__do_clear_bss)
c:/program files (x86)/atmel/atmel toolchain/avr8 gcc/native/3.4.1051/avr8-gnu-toolchain/bin/../lib/gcc/avr/4.8.1/../../../../avr/lib/avrxmega6\libc.a(memcpy.o)
                              usb_cdc.o (memcpy)

Allocating common symbols
Common symbol       size              file

ep_in_buf           0x80              usb_cdc.o
ep0_buf_in          0x40              usb_ep.o
USB_DeviceState     0x1               usb_xm.o
USB_Device_ConfigurationNumber
                    0x1               usb_xm.o
ep_out_buf          0x80              usb_cdc.o
cdc_rxb             0x43              usb_cdc.o
ep0_buf_out         0x40              usb_ep.o
ep_note_buf         0x80              usb_cdc.o
cdc_txb             0x43              usb_cdc.o

Discarded input sections

 .bss           0x00000000        0x0 c:/program files (x86)/atmel/atmel toolchain/avr8 gcc/native/3.4.1051/avr8-gnu-toolchain/bin/../lib/gcc/avr/4.8.1/../../../../avr/lib/avrxmega6/crtx128a3u.o
 .text          0x00000000        0x0 Descriptors.o
 .bss           0x00000000        0x0 Descriptors.o
 .text          0x00000000        0x0 main.o
 .bss           0x00000000        0x0 main.o
 .text.ReadCalibrationByte
                0x00000000       0x12 main.o
 .text          0x00000000        0x0 usb_cdc.o
 .bss           0x00000000        0x0 usb_cdc.o
 .text.usb_cdc_dcd_on
                0x00000000        0x2 usb_cdc.o
 .text.usb_cdc_dcd_off
                0x00000000        0x2 usb_cdc.o
 .text          0x00000000        0x0 usb_ep.o
 .bss           0x00000000        0x0 usb_ep.o
 .text          0x00000000        0x0 usb_xm.o
 .bss           0x00000000        0x0 usb_xm.o
 .text.USB_ConfigureClock
                0x00000000       0x78 usb_xm.o
 .text          0x00000000        0x0 c:/program files (x86)/atmel/atmel toolchain/avr8 gcc/native/3.4.1051/avr8-gnu-toolchain/bin/../lib/gcc/avr/4.8.1/avrxmega6\libgcc.a(_exit.o)
 .bss           0x00000000        0x0 c:/program files (x86)/atmel/atmel toolchain/avr8 gcc/native/3.4.1051/avr8-gnu-toolchain/bin/../lib/gcc/avr/4.8.1/avrxmega6\libgcc.a(_exit.o)
 .text.libgcc.mul
                0x00000000        0x0 c:/program files (x86)/atmel/atmel toolchain/avr8 gcc/native/3.4.1051/avr8-gnu-toolchain/bin/../lib/gcc/avr/4.8.1/avrxmega6\libgcc.a(_exit.o)
 .text.libgcc.div
                0x00000000        0x0 c:/program files (x86)/atmel/atmel toolchain/avr8 gcc/native/3.4.1051/avr8-gnu-toolchain/bin/../lib/gcc/avr/4.8.1/avrxmega6\libgcc.a(_exit.o)
 .text.libgcc   0x00000000        0x0 c:/program files (x86)/atmel/atmel toolchain/avr8 gcc/native/3.4.1051/avr8-gnu-toolchain/bin/../lib/gcc/avr/4.8.1/avrxmega6\libgcc.a(_exit.o)
 .text.libgcc.prologue
                0x00000000        0x0 c:/program files (x86)/atmel/atmel toolchain/avr8 gcc/native/3.4.1051/avr8-gnu-toolchain/bin/../lib/gcc/avr/4.8.1/avrxmega6\libgcc.a(_exit.o)
 .text.libgcc.builtins
                0x00000000        0x0 c:/program files (x86)/atmel/atmel toolchain/avr8 gcc/native/3.4.1051/avr8-gnu-toolchain/bin/../lib/gcc/avr/4.8.1/avrxmega6\libgcc.a(_exit.o)
 .text.libgcc.fmul
                0x00000000        0x0 c:/program files (x86)/atmel/atmel toolchain/avr8 gcc/native/3.4.1051/avr8-gnu-toolchain/bin/../lib/gcc/avr/4.8.1/avrxmega6\libgcc.a(_exit.o)
 .text.libgcc.fixed
                0x00000000        0x0 c:/program files (x86)/atmel/atmel toolchain/avr8 gcc/native/3.4.1051/avr8-gnu-toolchain/bin/../lib/gcc/avr/4.8.1/avrxmega6\libgcc.a(_exit.o)
 .text          0x00000000        0x0 c:/program files (x86)/atmel/atmel toolchain/avr8 gcc/native/3.4.1051/avr8-gnu-toolchain/bin/../lib/gcc/avr/4.8.1/avrxmega6\libgcc.a(_tablejump.o)
 .bss           0x00000000        0x0 c:/program files (x86)/atmel/atmel toolchain/avr8 gcc/native/3.4.1051/avr8-gnu-toolchain/bin/../lib/gcc/avr/4.8.1/avrxmega6\libgcc.a(_tablejump.o)
 .text.libgcc.mul
                0x00000000        0x0 c:/program files (x86)/atmel/atmel toolchain/avr8 gcc/native/3.4.1051/avr8-gnu-toolchain/bin/../lib/gcc/avr/4.8.1/avrxmega6\libgcc.a(_tablejump.o)
 .text.libgcc.div
                0x00000000        0x0 c:/program files (x86)/atmel/atmel toolchain/avr8 gcc/native/3.4.1051/avr8-gnu-toolchain/bin/../lib/gcc/avr/4.8.1/avrxmega6\libgcc.a(_tablejump.o)
 .text.libgcc.prologue
                0x00000000        0x0 c:/program files (x86)/atmel/atmel toolchain/avr8 gcc/native/3.4.1051/avr8-gnu-toolchain/bin/../lib/gcc/avr/4.8.1/avrxmega6\libgcc.a(_tablejump.o)
 .text.libgcc.builtins
                0x00000000        0x0 c:/program files (x86)/atmel/atmel toolchain/avr8 gcc/native/3.4.1051/avr8-gnu-toolchain/bin/../lib/gcc/avr/4.8.1/avrxmega6\libgcc.a(_tablejump.o)
 .text.libgcc.fmul
                0x00000000        0x0 c:/program files (x86)/atmel/atmel toolchain/avr8 gcc/native/3.4.1051/avr8-gnu-toolchain/bin/../lib/gcc/avr/4.8.1/avrxmega6\libgcc.a(_tablejump.o)
 .text.libgcc.fixed
                0x00000000        0x0 c:/program files (x86)/atmel/atmel toolchain/avr8 gcc/native/3.4.1051/avr8-gnu-toolchain/bin/../lib/gcc/avr/4.8.1/avrxmega6\libgcc.a(_tablejump.o)
 .text          0x00000000        0x0 c:/program files (x86)/atmel/atmel toolchain/avr8 gcc/native/3.4.1051/avr8-gnu-toolchain/bin/../lib/gcc/avr/4.8.1/avrxmega6\libgcc.a(_copy_data.o)
 .bss           0x00000000        0x0 c:/program files (x86)/atmel/atmel toolchain/avr8 gcc/native/3.4.1051/avr8-gnu-toolchain/bin/../lib/gcc/avr/4.8.1/avrxmega6\libgcc.a(_copy_data.o)
 .text.libgcc.mul
                0x00000000        0x0 c:/program files (x86)/atmel/atmel toolchain/avr8 gcc/native/3.4.1051/avr8-gnu-toolchain/bin/../lib/gcc/avr/4.8.1/avrxmega6\libgcc.a(_copy_data.o)
 .text.libgcc.div
                0x00000000        0x0 c:/program files (x86)/atmel/atmel toolchain/avr8 gcc/native/3.4.1051/avr8-gnu-toolchain/bin/../lib/gcc/avr/4.8.1/avrxmega6\libgcc.a(_copy_data.o)
 .text.libgcc   0x00000000        0x0 c:/program files (x86)/atmel/atmel toolchain/avr8 gcc/native/3.4.1051/avr8-gnu-toolchain/bin/../lib/gcc/avr/4.8.1/avrxmega6\libgcc.a(_copy_data.o)
 .text.libgcc.prologue
                0x00000000        0x0 c:/program files (x86)/atmel/atmel toolchain/avr8 gcc/native/3.4.1051/avr8-gnu-toolchain/bin/../lib/gcc/avr/4.8.1/avrxmega6\libgcc.a(_copy_data.o)
 .text.libgcc.builtins
                0x00000000        0x0 c:/program files (x86)/atmel/atmel toolchain/avr8 gcc/native/3.4.1051/avr8-gnu-toolchain/bin/../lib/gcc/avr/4.8.1/avrxmega6\libgcc.a(_copy_data.o)
 .text.libgcc.fmul
                0x00000000        0x0 c:/program files (x86)/atmel/atmel toolchain/avr8 gcc/native/3.4.1051/avr8-gnu-toolchain/bin/../lib/gcc/avr/4.8.1/avrxmega6\libgcc.a(_copy_data.o)
 .text.libgcc.fixed
                0x00000000        0x0 c:/program files (x86)/atmel/atmel toolchain/avr8 gcc/native/3.4.1051/avr8-gnu-toolchain/bin/../lib/gcc/avr/4.8.1/avrxmega6\libgcc.a(_copy_data.o)
 .text          0x00000000        0x0 c:/program files (x86)/atmel/atmel toolchain/avr8 gcc/native/3.4.1051/avr8-gnu-toolchain/bin/../lib/gcc/avr/4.8.1/avrxmega6\libgcc.a(_clear_bss.o)
 .bss           0x00000000        0x0 c:/program files (x86)/atmel/atmel toolchain/avr8 gcc/native/3.4.1051/avr8-gnu-toolchain/bin/../lib/gcc/avr/4.8.1/avrxmega6\libgcc.a(_clear_bss.o)
 .text.libgcc.mul
                0x00000000        0x0 c:/program files (x86)/atmel/atmel toolchain/avr8 gcc/native/3.4.1051/avr8-gnu-toolchain/bin/../lib/gcc/avr/4.8.1/avrxmega6\libgcc.a(_clear_bss.o)
 .text.libgcc.div
                0x00000000        0x0 c:/program files (x86)/atmel/atmel toolchain/avr8 gcc/native/3.4.1051/avr8-gnu-toolchain/bin/../lib/gcc/avr/4.8.1/avrxmega6\libgcc.a(_clear_bss.o)
 .text.libgcc   0x00000000        0x0 c:/program files (x86)/atmel/atmel toolchain/avr8 gcc/native/3.4.1051/avr8-gnu-toolchain/bin/../lib/gcc/avr/4.8.1/avrxmega6\libgcc.a(_clear_bss.o)
 .text.libgcc.prologue
                0x00000000        0x0 c:/program files (x86)/atmel/atmel toolchain/avr8 gcc/native/3.4.1051/avr8-gnu-toolchain/bin/../lib/gcc/avr/4.8.1/avrxmega6\libgcc.a(_clear_bss.o)
 .text.libgcc.builtins
                0x00000000        0x0 c:/program files (x86)/atmel/atmel toolchain/avr8 gcc/native/3.4.1051/avr8-gnu-toolchain/bin/../lib/gcc/avr/4.8.1/avrxmega6\libgcc.a(_clear_bss.o)
 .text.libgcc.fmul
                0x00000000        0x0 c:/program files (x86)/atmel/atmel toolchain/avr8 gcc/native/3.4.1051/avr8-gnu-toolchain/bin/../lib/gcc/avr/4.8.1/avrxmega6\libgcc.a(_clear_bss.o)
 .text.libgcc.fixed
                0x00000000        0x0 c:/program files (x86)/atmel/atmel toolchain/avr8 gcc/native/3.4.1051/avr8-gnu-toolchain/bin/../lib/gcc/avr/4.8.1/avrxmega6\libgcc.a(_clear_bss.o)
 .text          0x00000000        0x0 c:/program files (x86)/atmel/atmel toolchain/avr8 gcc/native/3.4.1051/avr8-gnu-toolchain/bin/../lib/gcc/avr/4.8.1/../../../../avr/lib/avrxmega6\libc.a(memcpy.o)
 .bss           0x00000000        0x0 c:/program files (x86)/atmel/atmel toolchain/avr8 gcc/native/3.4.1051/avr8-gnu-toolchain/bin/../lib/gcc/avr/4.8.1/../../../../avr/lib/avrxmega6\libc.a(memcpy.o)

Memory Configuration

Name             Origin             Length             Attributes
text             0x00000000         0x00100000         xr
data             0x00802000         0x0000ffa0         rw !x
eeprom           0x00810000         0x00010000         rw !x
fuse             0x00820000         0x00000400         rw !x
lock             0x00830000         0x00000400         rw !x
signature        0x00840000         0x00000400         rw !x
user_signatures  0x00850000         0x00000400         rw !x
*default*        0x00000000         0xffffffff

Linker script and memory map

LOAD c:/program files (x86)/atmel/atmel toolchain/avr8 gcc/native/3.4.1051/avr8-gnu-toolchain/bin/../lib/gcc/avr/4.8.1/../../../../avr/lib/avrxmega6/crtx128a3u.o
LOAD Descriptors.o
LOAD main.o
LOAD usb_cdc.o
LOAD usb_ep.o
LOAD usb_xm.o
START GROUP
LOAD c:/program files (x86)/atmel/atmel toolchain/avr8 gcc/native/3.4.1051/avr8-gnu-toolchain/bin/../lib/gcc/avr/4.8.1/../../../../avr/lib/avrxmega6\libm.a
END GROUP
START GROUP
LOAD c:/program files (x86)/atmel/atmel toolchain/avr8 gcc/native/3.4.1051/avr8-gnu-toolchain/bin/../lib/gcc/avr/4.8.1/avrxmega6\libgcc.a
LOAD c:/program files (x86)/atmel/atmel toolchain/avr8 gcc/native/3.4.1051/avr8-gnu-toolchain/bin/../lib/gcc/avr/4.8.1/../../../../avr/lib/avrxmega6\libm.a
LOAD c:/program files (x86)/atmel/atmel toolchain/avr8 gcc/native/3.4.1051/avr8-gnu-toolchain/bin/../lib/gcc/avr/4.8.1/../../../../avr/lib/avrxmega6\libc.a
END GROUP

.hash
 *(.hash)

.dynsym
 *(.dynsym)

.dynstr
 *(.dynstr)

.gnu.version
 *(.gnu.version)

.gnu.version_d
 *(.gnu.version_d)

.gnu.version_r
 *(.gnu.version_r)

.rel.init
 *(.rel.init)

.rela.init
 *(.rela.init)

.rel.text
 *(.rel.text)
 *(.rel.text.*)
 *(.rel.gnu.linkonce.t*)

.rela.text
 *(.rela.text)
 *(.rela.text.*)
 *(.rela.gnu.linkonce.t*)

.rel.fini
 *(.rel.fini)

.rela.fini
 *(.rela.fini)

.rel.rodata
 *(.rel.rodata)
 *(.rel.rodata.*)
 *(.rel.gnu.linkonce.r*)

.rela.rodata
 *(.rela.rodata)
 *(.rela.rodata.*)
 *(.rela.gnu.linkonce.r*)

.rel.data
 *(.rel.data)
 *(.rel.data.*)
 *(.rel.gnu.linkonce.d*)

.rela.data
 *(.rela.data)
 *(.rela.data.*)
 *(.rela.gnu.linkonce.d*)

.rel.ctors
 *(.rel.ctors)

.rela.ctors
 *(.rela.ctors)

.rel.dtors
 *(.rel.dtors)

.rela.dtors
 *(.rela.dtors)

.rel.got
 *(.rel.got)

.rela.got
 *(.rela.got)

.rel.bss
 *(.rel.bss)

.rela.bss
 *(.rela.bss)

.rel.plt
 *(.rel.plt)

.rela.plt
 *(.rela.plt)

.text           0x00000000      0xfec
 *(.vectors)
 .vectors       0x00000000      0x1fc c:/program files (x86)/atmel/atmel toolchain/avr8 gcc/native/3.4.1051/avr8-gnu-toolchain/bin/../lib/gcc/avr/4.8.1/../../../../avr/lib/avrxmega6/crtx128a3u.o
                0x00000000                __vector_default
                0x00000000                __vectors
 *(.vectors)
 *(.progmem.gcc*)
 .progmem.gcc_sw_table.USB_HandleSetup
                0x000001fc       0x18 usb_xm.o
                0x00000214                . = ALIGN (0x2)
                0x00000214                __trampolines_start = .
 *(.trampolines)
 .trampolines   0x00000214        0x0 linker stubs
 *(.trampolines*)
                0x00000214                __trampolines_end = .
 *(.progmem*)
 .progmem.data.ProductString
                0x00000214       0x20 Descriptors.o
                0x00000214                ProductString
 .progmem.data.ManufacturerString
                0x00000234       0x10 Descriptors.o
                0x00000234                ManufacturerString
 .progmem.data.LanguageString
                0x00000244        0x4 Descriptors.o
                0x00000244                LanguageString
 .progmem.data.ConfigurationDescriptor
                0x00000248       0x3e Descriptors.o
                0x00000248                ConfigurationDescriptor
 .progmem.data.DeviceDescriptor
                0x00000286       0x12 Descriptors.o
                0x00000286                DeviceDescriptor
                0x00000298                . = ALIGN (0x2)
 *(.jumptables)
 *(.jumptables*)
 *(.lowtext)
 *(.lowtext*)
                0x00000298                __ctors_start = .
 *(.ctors)
                0x00000298                __ctors_end = .
                0x00000298                __dtors_start = .
 *(.dtors)
                0x00000298                __dtors_end = .
 SORT(*)(.ctors)
 SORT(*)(.dtors)
 *(.init0)
 .init0         0x00000298        0x0 c:/program files (x86)/atmel/atmel toolchain/avr8 gcc/native/3.4.1051/avr8-gnu-toolchain/bin/../lib/gcc/avr/4.8.1/../../../../avr/lib/avrxmega6/crtx128a3u.o
                0x00000298                __init
 *(.init0)
 *(.init1)
 *(.init1)
 *(.init2)
 .init2         0x00000298       0x10 c:/program files (x86)/atmel/atmel toolchain/avr8 gcc/native/3.4.1051/avr8-gnu-toolchain/bin/../lib/gcc/avr/4.8.1/../../../../avr/lib/avrxmega6/crtx128a3u.o
 *(.init2)
 *(.init3)
 *(.init3)
 *(.init4)
 .init4         0x000002a8       0x1a c:/program files (x86)/atmel/atmel toolchain/avr8 gcc/native/3.4.1051/avr8-gnu-toolchain/bin/../lib/gcc/avr/4.8.1/avrxmega6\libgcc.a(_copy_data.o)
                0x000002a8                __do_copy_data
 .init4         0x000002c2       0x10 c:/program files (x86)/atmel/atmel toolchain/avr8 gcc/native/3.4.1051/avr8-gnu-toolchain/bin/../lib/gcc/avr/4.8.1/avrxmega6\libgcc.a(_clear_bss.o)
                0x000002c2                __do_clear_bss
 *(.init4)
 *(.init5)
 *(.init5)
 *(.init6)
 *(.init6)
 *(.init7)
 *(.init7)
 *(.init8)
 *(.init8)
 *(.init9)
 .init9         0x000002d2        0x4 c:/program files (x86)/atmel/atmel toolchain/avr8 gcc/native/3.4.1051/avr8-gnu-toolchain/bin/../lib/gcc/avr/4.8.1/../../../../avr/lib/avrxmega6/crtx128a3u.o
 *(.init9)
 *(.text)
 .text          0x000002d6        0x2 c:/program files (x86)/atmel/atmel toolchain/avr8 gcc/native/3.4.1051/avr8-gnu-toolchain/bin/../lib/gcc/avr/4.8.1/../../../../avr/lib/avrxmega6/crtx128a3u.o
                0x000002d6                __vector_38
                0x000002d6                __vector_104
                0x000002d6                __vector_22
                0x000002d6                __vector_63
                0x000002d6                __vector_28
                0x000002d6                __vector_67
                0x000002d6                __vector_1
                0x000002d6                __vector_119
                0x000002d6                __vector_32
                0x000002d6                __vector_75
                0x000002d6                __vector_71
                0x000002d6                __vector_91
                0x000002d6                __vector_34
                0x000002d6                __vector_62
                0x000002d6                __vector_77
                0x000002d6                __vector_102
                0x000002d6                __vector_24
                0x000002d6                __vector_12
                0x000002d6                __vector_55
                0x000002d6                __vector_69
                0x000002d6                __vector_81
                0x000002d6                __vector_90
                0x000002d6                __vector_46
                0x000002d6                __bad_interrupt
                0x000002d6                __vector_122
                0x000002d6                __vector_72
                0x000002d6                __vector_114
                0x000002d6                __vector_6
                0x000002d6                __vector_110
                0x000002d6                __vector_31
                0x000002d6                __vector_92
                0x000002d6                __vector_35
                0x000002d6                __vector_78
                0x000002d6                __vector_74
                0x000002d6                __vector_117
                0x000002d6                __vector_39
                0x000002d6                __vector_107
                0x000002d6                __vector_3
                0x000002d6                __vector_105
                0x000002d6                __vector_98
                0x000002d6                __vector_23
                0x000002d6                __vector_68
                0x000002d6                __vector_30
                0x000002d6                __vector_73
                0x000002d6                __vector_45
                0x000002d6                __vector_25
                0x000002d6                __vector_93
                0x000002d6                __vector_61
                0x000002d6                __vector_11
                0x000002d6                __vector_54
                0x000002d6                __vector_99
                0x000002d6                __vector_13
                0x000002d6                __vector_17
                0x000002d6                __vector_19
                0x000002d6                __vector_56
                0x000002d6                __vector_7
                0x000002d6                __vector_49
                0x000002d6                __vector_123
                0x000002d6                __vector_41
                0x000002d6                __vector_86
                0x000002d6                __vector_100
                0x000002d6                __vector_101
                0x000002d6                __vector_64
                0x000002d6                __vector_88
                0x000002d6                __vector_109
                0x000002d6                __vector_43
                0x000002d6                __vector_27
                0x000002d6                __vector_5
                0x000002d6                __vector_113
                0x000002d6                __vector_33
                0x000002d6                __vector_76
                0x000002d6                __vector_115
                0x000002d6                __vector_47
                0x000002d6                __vector_52
                0x000002d6                __vector_37
                0x000002d6                __vector_95
                0x000002d6                __vector_103
                0x000002d6                __vector_96
                0x000002d6                __vector_89
                0x000002d6                __vector_108
                0x000002d6                __vector_4
                0x000002d6                __vector_44
                0x000002d6                __vector_82
                0x000002d6                __vector_106
                0x000002d6                __vector_118
                0x000002d6                __vector_51
                0x000002d6                __vector_9
                0x000002d6                __vector_2
                0x000002d6                __vector_21
                0x000002d6                __vector_15
                0x000002d6                __vector_66
                0x000002d6                __vector_36
                0x000002d6                __vector_79
                0x000002d6                __vector_58
                0x000002d6                __vector_70
                0x000002d6                __vector_83
                0x000002d6                __vector_29
                0x000002d6                __vector_60
                0x000002d6                __vector_121
                0x000002d6                __vector_40
                0x000002d6                __vector_85
                0x000002d6                __vector_94
                0x000002d6                __vector_8
                0x000002d6                __vector_26
                0x000002d6                __vector_48
                0x000002d6                __vector_124
                0x000002d6                __vector_116
                0x000002d6                __vector_112
                0x000002d6                __vector_111
                0x000002d6                __vector_80
                0x000002d6                __vector_14
                0x000002d6                __vector_84
                0x000002d6                __vector_57
                0x000002d6                __vector_53
                0x000002d6                __vector_10
                0x000002d6                __vector_50
                0x000002d6                __vector_16
                0x000002d6                __vector_59
                0x000002d6                __vector_18
                0x000002d6                __vector_97
                0x000002d6                __vector_20
                0x000002d6                __vector_42
                0x000002d6                __vector_87
                0x000002d6                __vector_65
                0x000002d6                __vector_120
                0x000002d8                . = ALIGN (0x2)
 *(.text.*)
 .text.CALLBACK_USB_GetDescriptor
                0x000002d8       0x7a Descriptors.o
                0x000002d8                CALLBACK_USB_GetDescriptor
 .text.Config32MHzClock
                0x00000352       0x6e main.o
                0x00000352                Config32MHzClock
 .text.init     0x000003c0       0x30 main.o
                0x000003c0                init
 .text.main     0x000003f0       0xba main.o
                0x000003f0                main
 .text.usb_handle_ring_note
                0x000004aa       0x60 usb_cdc.o
                0x000004aa                usb_handle_ring_note
 .text.usb_handle_ring_rx
                0x0000050a       0x32 usb_cdc.o
                0x0000050a                usb_handle_ring_rx
 .text.usb_handle_ring_tx
                0x0000053c       0x32 usb_cdc.o
                0x0000053c                usb_handle_ring_tx
 .text.usb_init
                0x0000056e       0x3a usb_cdc.o
                0x0000056e                usb_init
 .text.EVENT_USB_Device_SetInterface
                0x000005a8        0x4 usb_cdc.o
                0x000005a8                EVENT_USB_Device_SetInterface
 .text.EVENT_USB_Device_ConfigurationChanged
                0x000005ac       0x14 usb_cdc.o
                0x000005ac                EVENT_USB_Device_ConfigurationChanged
 .text.EVENT_USB_Device_Suspend
                0x000005c0        0x2 usb_cdc.o
                0x000005c0                EVENT_USB_Device_Suspend
 .text.EVENT_USB_Device_WakeUp
                0x000005c2        0x2 usb_cdc.o
                0x000005c2                EVENT_USB_Device_WakeUp
 .text.EVENT_USB_Device_Reset
                0x000005c4        0x2 usb_cdc.o
                0x000005c4                EVENT_USB_Device_Reset
 .text.EVENT_USB_Device_ControlOUT
                0x000005c6       0x1e usb_cdc.o
                0x000005c6                EVENT_USB_Device_ControlOUT
 .text.EVENT_USB_Device_ControlRequest
                0x000005e4       0xf6 usb_cdc.o
                0x000005e4                EVENT_USB_Device_ControlRequest
 .text.ep_def_init_buffer
                0x000006da       0x78 usb_ep.o
                0x000006da                ep_def_init_buffer
 .text.ep_def_init
                0x00000752      0x1e4 usb_ep.o
                0x00000752                ep_def_init
 .text.ep_def_in
                0x00000936       0xfa usb_ep.o
                0x00000936                ep_def_in
 .text.ep_def_out
                0x00000a30      0x106 usb_ep.o
                0x00000a30                ep_def_out
 .text.USB_ResetInterface
                0x00000b36       0x4c usb_xm.o
                0x00000b36                USB_ResetInterface
 .text.USB_xm_Init
                0x00000b82       0x34 usb_xm.o
                0x00000b82                USB_xm_Init
 .text.USB_ep0_send_progmem
                0x00000bb6       0x46 usb_xm.o
                0x00000bb6                USB_ep0_send_progmem
 .text.USB_HandleSetup
                0x00000bfc      0x266 usb_xm.o
                0x00000bfc                USB_HandleSetup
 .text.USB_Evt_Task
                0x00000e62       0x14 usb_xm.o
                0x00000e62                USB_Evt_Task
 .text.__vector_125
                0x00000e76       0xb0 usb_xm.o
                0x00000e76                __vector_125
 .text.USB_Task
                0x00000f26       0x4c usb_xm.o
                0x00000f26                USB_Task
 .text.__vector_126
                0x00000f72       0x58 usb_xm.o
                0x00000f72                __vector_126
 .text.libgcc   0x00000fca        0xc c:/program files (x86)/atmel/atmel toolchain/avr8 gcc/native/3.4.1051/avr8-gnu-toolchain/bin/../lib/gcc/avr/4.8.1/avrxmega6\libgcc.a(_tablejump.o)
                0x00000fca                __tablejump2__
                0x00000fce                __tablejump__
 .text.avr-libc
                0x00000fd6       0x12 c:/program files (x86)/atmel/atmel toolchain/avr8 gcc/native/3.4.1051/avr8-gnu-toolchain/bin/../lib/gcc/avr/4.8.1/../../../../avr/lib/avrxmega6\libc.a(memcpy.o)
                0x00000fd6                memcpy
                0x00000fe8                . = ALIGN (0x2)
 *(.fini9)
 .fini9         0x00000fe8        0x0 c:/program files (x86)/atmel/atmel toolchain/avr8 gcc/native/3.4.1051/avr8-gnu-toolchain/bin/../lib/gcc/avr/4.8.1/avrxmega6\libgcc.a(_exit.o)
                0x00000fe8                _exit
                0x00000fe8                exit
 *(.fini9)
 *(.fini8)
 *(.fini8)
 *(.fini7)
 *(.fini7)
 *(.fini6)
 *(.fini6)
 *(.fini5)
 *(.fini5)
 *(.fini4)
 *(.fini4)
 *(.fini3)
 *(.fini3)
 *(.fini2)
 *(.fini2)
 *(.fini1)
 *(.fini1)
 *(.fini0)
 .fini0         0x00000fe8        0x4 c:/program files (x86)/atmel/atmel toolchain/avr8 gcc/native/3.4.1051/avr8-gnu-toolchain/bin/../lib/gcc/avr/4.8.1/avrxmega6\libgcc.a(_exit.o)
 *(.fini0)
                0x00000fec                _etext = .

.data           0x00802000      0x122 load address 0x00000fec
                0x00802000                PROVIDE (__data_start, .)
 *(.data)
 .data          0x00802000        0x0 c:/program files (x86)/atmel/atmel toolchain/avr8 gcc/native/3.4.1051/avr8-gnu-toolchain/bin/../lib/gcc/avr/4.8.1/../../../../avr/lib/avrxmega6/crtx128a3u.o
 .data          0x00802000        0x0 Descriptors.o
 .data          0x00802000        0x0 main.o
 .data          0x00802000        0x0 usb_cdc.o
 .data          0x00802000      0x100 usb_ep.o
                0x00802000                endpoints
 .data          0x00802100        0x0 usb_xm.o
 .data          0x00802100        0x0 c:/program files (x86)/atmel/atmel toolchain/avr8 gcc/native/3.4.1051/avr8-gnu-toolchain/bin/../lib/gcc/avr/4.8.1/avrxmega6\libgcc.a(_exit.o)
 .data          0x00802100        0x0 c:/program files (x86)/atmel/atmel toolchain/avr8 gcc/native/3.4.1051/avr8-gnu-toolchain/bin/../lib/gcc/avr/4.8.1/avrxmega6\libgcc.a(_tablejump.o)
 .data          0x00802100        0x0 c:/program files (x86)/atmel/atmel toolchain/avr8 gcc/native/3.4.1051/avr8-gnu-toolchain/bin/../lib/gcc/avr/4.8.1/avrxmega6\libgcc.a(_copy_data.o)
 .data          0x00802100        0x0 c:/program files (x86)/atmel/atmel toolchain/avr8 gcc/native/3.4.1051/avr8-gnu-toolchain/bin/../lib/gcc/avr/4.8.1/avrxmega6\libgcc.a(_clear_bss.o)
 .data          0x00802100        0x0 c:/program files (x86)/atmel/atmel toolchain/avr8 gcc/native/3.4.1051/avr8-gnu-toolchain/bin/../lib/gcc/avr/4.8.1/../../../../avr/lib/avrxmega6\libc.a(memcpy.o)
 *(.data*)
 .data.ep_note_data
                0x00802100        0x9 usb_cdc.o
                0x00802100                ep_note_data
 .data.ep_out_data
                0x00802109        0x9 usb_cdc.o
                0x00802109                ep_out_data
 .data.ep_in_data
                0x00802112        0x9 usb_cdc.o
                0x00802112                ep_in_data
 .data.LineEncoding
                0x0080211b        0x7 usb_cdc.o
                0x0080211b                LineEncoding
 *(.rodata)
 *(.rodata*)
 *(.gnu.linkonce.d*)
                0x00802122                . = ALIGN (0x2)
                0x00802122                _edata = .
                0x00802122                PROVIDE (__data_end, .)

.bss            0x00802122      0x28a
                0x00802122                PROVIDE (__bss_start, .)
 *(.bss)
 *(.bss*)
 .bss.usb_notify_state
                0x00802122        0x1 usb_cdc.o
                0x00802122                usb_notify_state
 .bss.usb_stored_control
                0x00802123        0x1 usb_cdc.o
                0x00802123                usb_stored_control
 *(COMMON)
 COMMON         0x00802124      0x206 usb_cdc.o
                0x00802124                ep_in_buf
                0x008021a4                ep_out_buf
                0x00802224                cdc_rxb
                0x00802267                ep_note_buf
                0x008022e7                cdc_txb
 COMMON         0x0080232a       0x80 usb_ep.o
                0x0080232a                ep0_buf_in
                0x0080236a                ep0_buf_out
 COMMON         0x008023aa        0x2 usb_xm.o
                0x008023aa                USB_DeviceState
                0x008023ab                USB_Device_ConfigurationNumber
                0x008023ac                PROVIDE (__bss_end, .)
                0x00000fec                __data_load_start = LOADADDR (.data)
                0x0000110e                __data_load_end = (__data_load_start + SIZEOF (.data))

.noinit         0x008023ac        0x0
                0x008023ac                PROVIDE (__noinit_start, .)
 *(.noinit*)
                0x008023ac                PROVIDE (__noinit_end, .)
                0x008023ac                _end = .
                0x008023ac                PROVIDE (__heap_start, .)

.eeprom         0x00810000        0x0
 *(.eeprom*)
                0x00810000                __eeprom_end = .

.fuse
 *(.fuse)
 *(.lfuse)
 *(.hfuse)
 *(.efuse)

.lock
 *(.lock*)

.signature
 *(.signature*)

.user_signatures
 *(.user_signatures*)

.stab
 *(.stab)

.stabstr
 *(.stabstr)

.stab.excl
 *(.stab.excl)

.stab.exclstr
 *(.stab.exclstr)

.stab.index
 *(.stab.index)

.stab.indexstr
 *(.stab.indexstr)

.comment        0x00000000       0x30
 *(.comment)
 .comment       0x00000000       0x30 Descriptors.o
                                 0x31 (size before relaxing)
 .comment       0x00000000       0x31 main.o
 .comment       0x00000000       0x31 usb_cdc.o
 .comment       0x00000000       0x31 usb_ep.o
 .comment       0x00000000       0x31 usb_xm.o

.note.gnu.build-id
 *(.note.gnu.build-id)

.debug
 *(.debug)

.line
 *(.line)

.debug_srcinfo
 *(.debug_srcinfo)

.debug_sfnames
 *(.debug_sfnames)

.debug_aranges  0x00000000      0x170
 *(.debug_aranges)
 .debug_aranges
                0x00000000       0x20 Descriptors.o
 .debug_aranges
                0x00000020       0x38 main.o
 .debug_aranges
                0x00000058       0x80 usb_cdc.o
 .debug_aranges
                0x000000d8       0x38 usb_ep.o
 .debug_aranges
                0x00000110       0x60 usb_xm.o

.debug_pubnames
 *(.debug_pubnames)

.debug_info     0x00000000     0x3840
 *(.debug_info .gnu.linkonce.wi.*)
 .debug_info    0x00000000      0x741 Descriptors.o
 .debug_info    0x00000741      0x8aa main.o
 .debug_info    0x00000feb      0xd54 usb_cdc.o
 .debug_info    0x00001d3f      0x6ae usb_ep.o
 .debug_info    0x000023ed     0x1453 usb_xm.o

.debug_abbrev   0x00000000      0xc44
 *(.debug_abbrev)
 .debug_abbrev  0x00000000      0x136 Descriptors.o
 .debug_abbrev  0x00000136      0x1dd main.o
 .debug_abbrev  0x00000313      0x2cd usb_cdc.o
 .debug_abbrev  0x000005e0      0x281 usb_ep.o
 .debug_abbrev  0x00000861      0x3e3 usb_xm.o

.debug_line     0x00000000     0x1492
 *(.debug_line .debug_line.* .debug_line_end)
 .debug_line    0x00000000      0x1ed Descriptors.o
 .debug_line    0x000001ed      0x2eb main.o
 .debug_line    0x000004d8      0x408 usb_cdc.o
 .debug_line    0x000008e0      0x5f0 usb_ep.o
 .debug_line    0x00000ed0      0x5c2 usb_xm.o

.debug_frame    0x00000000      0x37c
 *(.debug_frame)
 .debug_frame   0x00000000       0x24 Descriptors.o
 .debug_frame   0x00000024       0x54 main.o
 .debug_frame   0x00000078      0x100 usb_cdc.o
 .debug_frame   0x00000178       0xa8 usb_ep.o
 .debug_frame   0x00000220      0x15c usb_xm.o

.debug_str      0x00000000     0x1eaf
 *(.debug_str)
 .debug_str     0x00000000      0x9f7 Descriptors.o
                                0xa82 (size before relaxing)
 .debug_str     0x000009f7      0x7bc main.o
                                0x942 (size before relaxing)
 .debug_str     0x000011b3      0x852 usb_cdc.o
                                0xa8d (size before relaxing)
 .debug_str     0x00001a05      0x112 usb_ep.o
                                0x369 (size before relaxing)
 .debug_str     0x00001b17      0x398 usb_xm.o
                               0x12e2 (size before relaxing)

.debug_loc      0x00000000     0x11b2
 *(.debug_loc)
 .debug_loc     0x00000000      0x226 Descriptors.o
 .debug_loc     0x00000226       0x9c main.o
 .debug_loc     0x000002c2      0x38b usb_cdc.o
 .debug_loc     0x0000064d      0x54b usb_ep.o
 .debug_loc     0x00000b98      0x61a usb_xm.o

.debug_macinfo
 *(.debug_macinfo)

.debug_weaknames
 *(.debug_weaknames)

.debug_funcnames
 *(.debug_funcnames)

.debug_typenames
 *(.debug_typenames)

.debug_varnames
 *(.debug_varnames)

.debug_pubtypes
 *(.debug_pubtypes)

.debug_ranges   0x00000000      0x138
 *(.debug_ranges)
 .debug_ranges  0x00000000       0x10 Descriptors.o
 .debug_ranges  0x00000010       0x28 main.o
 .debug_ranges  0x00000038       0x70 usb_cdc.o
 .debug_ranges  0x000000a8       0x28 usb_ep.o
 .debug_ranges  0x000000d0       0x68 usb_xm.o

.debug_macro
 *(.debug_macro)
OUTPUT(USB_uC.elf elf32-avr)
LOAD linker stubs
